[36mvite v7.2.4 [32mbuilding client environment for production...[36m[39m
transforming...
[32m✓[39m 3529 modules transformed.
rendering chunks...
computing gzip size...
[2mdist/[22m[32mindex.html                          [39m[1m[2m    0.46 kB[22m[1m[22m[2m │ gzip:   0.30 kB[22m
[2mdist/[22m[32massets/logo-BeZgD1ld.png            [39m[1m[2m  207.99 kB[22m[1m[22m
[2mdist/[22m[35massets/index-CdI62Mj0.css           [39m[1m[2m   56.62 kB[22m[1m[22m[2m │ gzip:   9.07 kB[22m
[2mdist/[22m[36massets/purify.es-C65SP4u9.js        [39m[1m[2m   22.38 kB[22m[1m[22m[2m │ gzip:   8.63 kB[22m
[2mdist/[22m[36massets/index.es-BSZ6GScp.js         [39m[1m[2m  158.55 kB[22m[1m[22m[2m │ gzip:  52.90 kB[22m
[2mdist/[22m[36massets/html2canvas.esm-Ge7aVWlp.js  [39m[1m[2m  201.40 kB[22m[1m[22m[2m │ gzip:  47.48 kB[22m
[2mdist/[22m[36massets/index-XsLj-dA5.js            [39m[1m[33m1,770.30 kB[39m[22m[2m │ gzip: 525.44 kB[22m
[33m
(!) Some chunks are larger than 500 kB after minification. Consider:
- Using dynamic import() to code-split the application
- Use build.rollupOptions.output.manualChunks to improve chunking: https://rollupjs.org/configuration-options/#output-manualchunks
- Adjust chunk size limit for this warning via build.chunkSizeWarningLimit.[39m
[32m✓ built in 25.43s[39m
